// Jest Snapshot v1, https://goo.gl/fbAQLP

exports[`<Card /> Card 1`] = `
<div>
  <div
    class="card"
  >
    <h1
      class="cardHeader"
    >
      stopName
       
      <span
        class="stopNumber"
      >
        ( 
        V1056
         )
      </span>
    </h1>
    <div
      class="cardSubHeader"
    >
      <p>
        Line
      </p>
      <p>
        Heading to
      </p>
      <p>
        Arrives at 
      </p>
    </div>
    <div>
      <div
        class="cardBody"
      >
        <p>
          abc
        </p>
        <p
          class="short-name"
        >
          Helsinki
        </p>
        <p>
          01:10
        </p>
      </div>
    </div>
  </div>
</div>
`;
